# serializer version: 1
# name: test_parse_config_snapshot
  dict({
    'extensions': dict({
      '1': dict({
        'name': 'BASE',
        'serial': '1000-2000-3000',
      }),
      '2': dict({
        'name': 'UD 1',
        'serial': '5010',
      }),
    }),
    'io': list([
      dict({
        'ext_name': 'BASE',
        'ha_name': 'BASE I1 Taster Flur',
        'id': '11',
        'identifier': 'I1',
        'inactive': False,
        'is_binary': True,
        'is_input': True,
        'max': 1,
        'min': 0,
        'name': 'BASE I1 Taster Flur',
        'offline': False,
        'type_id_raw': 1,
        'unit': '',
        'value': 1.0,
      }),
      dict({
        'ext_name': 'BASE',
        'ha_name': 'BASE Q1 Licht Flur',
        'id': '12',
        'identifier': 'Q1',
        'inactive': False,
        'is_binary': True,
        'is_input': False,
        'max': 1,
        'min': 0,
        'name': 'BASE Q1 Licht Flur',
        'offline': False,
        'type_id_raw': 2,
        'unit': '',
        'value': 0.0,
      }),
      dict({
        'ext_name': 'BASE',
        'ha_name': 'BASE AI1 AI1',
        'id': '13',
        'identifier': 'AI1',
        'inactive': False,
        'is_binary': False,
        'is_input': True,
        'max': 80,
        'min': -40,
        'name': 'BASE AI1',
        'offline': False,
        'type_id_raw': 5,
        'unit': '°C',
        'value': 21.5,
      }),
      dict({
        'ext_name': 'UD 1',
        'ha_name': 'UD 1 QI1 Dimmer Bad',
        'id': '21',
        'identifier': 'QI1',
        'inactive': False,
        'is_binary': False,
        'is_input': True,
        'max': 100,
        'min': 0,
        'name': 'UD 1 QI1 Dimmer Bad',
        'offline': True,
        'type_id_raw': 6,
        'unit': '%',
        'value': 55.0,
      }),
    ]),
    'io_all': list([
      dict({
        'ext_name': 'BASE',
        'ha_name': 'BASE I1 Taster Flur',
        'id': '11',
        'identifier': 'I1',
        'inactive': False,
        'is_binary': True,
        'is_input': True,
        'max': 1,
        'min': 0,
        'name': 'BASE I1 Taster Flur',
        'offline': False,
        'type_id_raw': 1,
        'unit': '',
        'value': 1.0,
      }),
      dict({
        'ext_name': 'BASE',
        'ha_name': 'BASE Q1 Licht Flur',
        'id': '12',
        'identifier': 'Q1',
        'inactive': False,
        'is_binary': True,
        'is_input': False,
        'max': 1,
        'min': 0,
        'name': 'BASE Q1 Licht Flur',
        'offline': False,
        'type_id_raw': 2,
        'unit': '',
        'value': 0.0,
      }),
      dict({
        'ext_name': 'BASE',
        'ha_name': 'BASE AI1 AI1',
        'id': '13',
        'identifier': 'AI1',
        'inactive': False,
        'is_binary': False,
        'is_input': True,
        'max': 80,
        'min': -40,
        'name': 'BASE AI1',
        'offline': False,
        'type_id_raw': 5,
        'unit': '°C',
        'value': 21.5,
      }),
      dict({
        'ext_name': 'BASE',
        'ha_name': 'BASE Q2 Reserve',
        'id': '14',
        'identifier': 'Q2',
        'inactive': True,
        'is_binary': True,
        'is_input': False,
        'max': 1,
        'min': 0,
        'name': 'BASE Q2 Reserve',
        'offline': False,
        'type_id_raw': 2,
        'unit': '',
        'value': 0.0,
      }),
      dict({
        'ext_name': 'UD 1',
        'ha_name': 'UD 1 QI1 Dimmer Bad',
        'id': '21',
        'identifier': 'QI1',
        'inactive': False,
        'is_binary': False,
        'is_input': True,
        'max': 100,
        'min': 0,
        'name': 'UD 1 QI1 Dimmer Bad',
        'offline': True,
        'type_id_raw': 6,
        'unit': '%',
        'value': 55.0,
      }),
    ]),
    'knx': list([
      dict({
        'dpt_device_class': 'temperature',
        'dpt_max': 670760,
        'dpt_min': -273,
        'dpt_step': 0.1,
        'dpt_unit': '°C',
        'ha_name': 'K1 Wohnen Temperatur',
        'id': '1',
        'kind': <MarkerKind.NORMAL: 'normal'>,
        'name': 'K1 Wohnen Temperatur',
        'no_name': False,
        'title': 'Wohnen Temperatur',
        'type': 'analog',
        'type_raw': 5,
        'value': 19.5,
      }),
      dict({
        'ha_name': 'K2 Rollo Richtung',
        'id': '2',
        'kind': <MarkerKind.NORMAL: 'normal'>,
        'knx_composite': dict({
          'domain': 'cover',
          'partner_id': '3',
          'role': 'direction',
        }),
        'name': 'K2 Rollo Richtung',
        'no_name': False,
        'title': 'Rollo Richtung',
        'type': 'digital',
        'type_raw': 2,
        'value': 0.0,
      }),
      dict({
        'dpt_max': 7,
        'dpt_min': 0,
        'dpt_step': 1,
        'dpt_unit': '',
        'ha_name': 'K3 Rollo Schritt',
        'id': '3',
        'kind': <MarkerKind.NORMAL: 'normal'>,
        'knx_composite': dict({
          'domain': 'cover',
          'partner_id': '2',
          'role': 'stepcode',
        }),
        'name': 'K3 Rollo Schritt',
        'no_name': False,
        'title': 'Rollo Schritt',
        'type': 'analog',
        'type_raw': 121,
        'value': 0.0,
      }),
      dict({
        'dpt_ambiguous': True,
        'ha_name': 'K4 Unbekannter Typ',
        'id': '4',
        'kind': <MarkerKind.NORMAL: 'normal'>,
        'name': 'K4 Unbekannter Typ',
        'no_name': False,
        'title': 'Unbekannter Typ',
        'type': 'digital',
        'type_raw': 999,
        'value': 0.0,
      }),
    ]),
    'markers': list([
      dict({
        'ha_name': 'M1 Licht Wohnen',
        'id': '1',
        'kind': <MarkerKind.NORMAL: 'normal'>,
        'name': 'M1 Licht Wohnen',
        'no_name': False,
        'title': 'Licht Wohnen',
        'type': 'digital',
        'type_raw': 1,
        'value': 1.0,
      }),
      dict({
        'ha_name': 'M2 Solltemperatur',
        'id': '2',
        'kind': <MarkerKind.NORMAL: 'normal'>,
        'name': 'M2 Solltemperatur',
        'no_name': False,
        'title': 'Solltemperatur',
        'type': 'analog',
        'type_raw': 2,
        'value': 21.5,
      }),
      dict({
        'ha_name': 'M3 Status Anlage [RO]',
        'id': '3',
        'kind': <MarkerKind.READ_ONLY: 'read_only'>,
        'name': 'M3 Status Anlage [RO]',
        'no_name': False,
        'title': 'Status Anlage [RO]',
        'type': 'digital',
        'type_raw': 1,
        'value': 0.0,
      }),
      dict({
        'ha_name': 'M4 Klingel [TRIG]',
        'id': '4',
        'kind': <MarkerKind.TRIGGER: 'trigger'>,
        'name': 'M4 Klingel [TRIG]',
        'no_name': False,
        'title': 'Klingel [TRIG]',
        'type': 'digital',
        'type_raw': 1,
        'value': 0.0,
      }),
      dict({
        'ha_name': 'M5 #nn',
        'id': '5',
        'kind': <MarkerKind.NORMAL: 'normal'>,
        'name': 'M5 #nn',
        'no_name': True,
        'title': '#nn',
        'type': 'digital',
        'type_raw': 1,
        'value': 0.0,
      }),
      dict({
        'ha_name': 'M7 Rollo Wohnen [K3]',
        'id': '7',
        'kind': <MarkerKind.KNX_BRIDGE: 'knx_bridge'>,
        'name': 'M7 Rollo Wohnen [K3]',
        'no_name': False,
        'title': 'Rollo Wohnen [K3]',
        'type': 'analog',
        'type_raw': 2,
        'value': 0.0,
      }),
    ]),
    'webio_commands': dict({
      'HA IO BASE Q1': dict({
        'cmdId': 7,
        'typeId': 1,
        'webIoId': '103',
        'webioClass': <WebioClass.IO: 'io'>,
      }),
      'HA M1 Licht Wohnen': dict({
        'cmdId': 5,
        'typeId': 1,
        'webIoId': '101',
        'webioClass': <WebioClass.MARKER: 'marker'>,
      }),
      'HA M2 Solltemperatur': dict({
        'cmdId': 6,
        'typeId': 2,
        'webIoId': '102',
        'webioClass': <WebioClass.MARKER: 'marker'>,
      }),
    }),
    'webio_devices': dict({
      <WebioClass.IO: 'io'>: dict({
        'base_id': '8',
        'device_id': '31',
        'device_ip': '192.168.1.20:8123',
      }),
      <WebioClass.KNX: 'knx'>: dict({
        'base_id': None,
        'device_id': None,
        'device_ip': None,
      }),
      <WebioClass.MARKER: 'marker'>: dict({
        'base_id': '7',
        'device_id': '30',
        'device_ip': '192.168.1.20:8123',
      }),
    }),
    'webio_names': dict({
      '101': dict({
        'analog': False,
        'name': '30. HA M1 Licht Wohnen',
      }),
      '102': dict({
        'analog': True,
        'name': '30. HA M2 Solltemperatur',
      }),
      '103': dict({
        'analog': False,
        'name': '31. HA IO BASE Q1',
      }),
      '104': dict({
        'analog': True,
        'name': '40. Fremdbefehl',
      }),
    }),
  })
# ---
